Archive member included to satisfy reference by file (symbol)

/opt/Atollic_TrueSTUDIO_for_STM32_x86_64_9.3.0/ARMTools/bin/../lib/gcc/arm-atollic-eabi/6.3.1/../../../../arm-atollic-eabi/lib/armv7e-m/fpu/fpv5-sp-d16/libc_nano.a(lib_a-errno.o)
                              Src/syscalls.o (__errno)
/opt/Atollic_TrueSTUDIO_for_STM32_x86_64_9.3.0/ARMTools/bin/../lib/gcc/arm-atollic-eabi/6.3.1/../../../../arm-atollic-eabi/lib/armv7e-m/fpu/fpv5-sp-d16/libc_nano.a(lib_a-impure.o)
                              /opt/Atollic_TrueSTUDIO_for_STM32_x86_64_9.3.0/ARMTools/bin/../lib/gcc/arm-atollic-eabi/6.3.1/../../../../arm-atollic-eabi/lib/armv7e-m/fpu/fpv5-sp-d16/libc_nano.a(lib_a-errno.o) (_impure_ptr)
/opt/Atollic_TrueSTUDIO_for_STM32_x86_64_9.3.0/ARMTools/bin/../lib/gcc/arm-atollic-eabi/6.3.1/../../../../arm-atollic-eabi/lib/armv7e-m/fpu/fpv5-sp-d16/libc_nano.a(lib_a-init.o)
                              startup/startup_stm32f746xx.o (__libc_init_array)
/opt/Atollic_TrueSTUDIO_for_STM32_x86_64_9.3.0/ARMTools/bin/../lib/gcc/arm-atollic-eabi/6.3.1/../../../../arm-atollic-eabi/lib/armv7e-m/fpu/fpv5-sp-d16/libc_nano.a(lib_a-memset.o)
                              Src/main.o (memset)
/opt/Atollic_TrueSTUDIO_for_STM32_x86_64_9.3.0/ARMTools/bin/../lib/gcc/arm-atollic-eabi/6.3.1/armv7e-m/fpu/fpv5-sp-d16/libgcc.a(_aeabi_uldivmod.o)
                              Drivers/STM32F7xx_HAL_Driver/Src/stm32f7xx_hal_rcc.o (__aeabi_uldivmod)
/opt/Atollic_TrueSTUDIO_for_STM32_x86_64_9.3.0/ARMTools/bin/../lib/gcc/arm-atollic-eabi/6.3.1/armv7e-m/fpu/fpv5-sp-d16/libgcc.a(_udivmoddi4.o)
                              /opt/Atollic_TrueSTUDIO_for_STM32_x86_64_9.3.0/ARMTools/bin/../lib/gcc/arm-atollic-eabi/6.3.1/armv7e-m/fpu/fpv5-sp-d16/libgcc.a(_aeabi_uldivmod.o) (__udivmoddi4)
/opt/Atollic_TrueSTUDIO_for_STM32_x86_64_9.3.0/ARMTools/bin/../lib/gcc/arm-atollic-eabi/6.3.1/armv7e-m/fpu/fpv5-sp-d16/libgcc.a(_dvmd_tls.o)
                              /opt/Atollic_TrueSTUDIO_for_STM32_x86_64_9.3.0/ARMTools/bin/../lib/gcc/arm-atollic-eabi/6.3.1/armv7e-m/fpu/fpv5-sp-d16/libgcc.a(_aeabi_uldivmod.o) (__aeabi_ldiv0)

Allocating common symbols
Common symbol       size              file

uwTick              0x4               Drivers/STM32F7xx_HAL_Driver/Src/stm32f7xx_hal.o
pFlash              0x1c              Drivers/STM32F7xx_HAL_Driver/Src/stm32f7xx_hal_flash.o
hltdc               0xa8              Src/main.o
hrng                0x10              Src/main.o

Discarded input sections

 .text          0x0000000000000000        0x0 /opt/Atollic_TrueSTUDIO_for_STM32_x86_64_9.3.0/ARMTools/bin/../lib/gcc/arm-atollic-eabi/6.3.1/armv7e-m/fpu/fpv5-sp-d16/crti.o
 .data          0x0000000000000000        0x0 /opt/Atollic_TrueSTUDIO_for_STM32_x86_64_9.3.0/ARMTools/bin/../lib/gcc/arm-atollic-eabi/6.3.1/armv7e-m/fpu/fpv5-sp-d16/crti.o
 .bss           0x0000000000000000        0x0 /opt/Atollic_TrueSTUDIO_for_STM32_x86_64_9.3.0/ARMTools/bin/../lib/gcc/arm-atollic-eabi/6.3.1/armv7e-m/fpu/fpv5-sp-d16/crti.o
 .data          0x0000000000000000        0x4 /opt/Atollic_TrueSTUDIO_for_STM32_x86_64_9.3.0/ARMTools/bin/../lib/gcc/arm-atollic-eabi/6.3.1/armv7e-m/fpu/fpv5-sp-d16/crtbegin.o
 .text          0x0000000000000000        0x0 Drivers/STM32F7xx_HAL_Driver/Src/stm32f7xx_hal.o
 .data          0x0000000000000000        0x0 Drivers/STM32F7xx_HAL_Driver/Src/stm32f7xx_hal.o
 .bss           0x0000000000000000        0x0 Drivers/STM32F7xx_HAL_Driver/Src/stm32f7xx_hal.o
 .text.HAL_MspInit
                0x0000000000000000        0x4 Drivers/STM32F7xx_HAL_Driver/Src/stm32f7xx_hal.o
 .text.HAL_MspDeInit
                0x0000000000000000        0x4 Drivers/STM32F7xx_HAL_Driver/Src/stm32f7xx_hal.o
 .text.HAL_DeInit
                0x0000000000000000       0x2c Drivers/STM32F7xx_HAL_Driver/Src/stm32f7xx_hal.o
 .text.HAL_GetTickPrio
                0x0000000000000000        0xc Drivers/STM32F7xx_HAL_Driver/Src/stm32f7xx_hal.o
 .text.HAL_SetTickFreq
                0x0000000000000000       0x24 Drivers/STM32F7xx_HAL_Driver/Src/stm32f7xx_hal.o
 .text.HAL_GetTickFreq
                0x0000000000000000        0xc Drivers/STM32F7xx_HAL_Driver/Src/stm32f7xx_hal.o
 .text.HAL_SuspendTick
                0x0000000000000000       0x10 Drivers/STM32F7xx_HAL_Driver/Src/stm32f7xx_hal.o
 .text.HAL_ResumeTick
                0x0000000000000000       0x10 Drivers/STM32F7xx_HAL_Driver/Src/stm32f7xx_hal.o
 .text.HAL_GetHalVersion
                0x0000000000000000        0x8 Drivers/STM32F7xx_HAL_Driver/Src/stm32f7xx_hal.o
 .text.HAL_GetREVID
                0x0000000000000000        0xc Drivers/STM32F7xx_HAL_Driver/Src/stm32f7xx_hal.o
 .text.HAL_GetDEVID
                0x0000000000000000       0x10 Drivers/STM32F7xx_HAL_Driver/Src/stm32f7xx_hal.o
 .text.HAL_GetUIDw0
                0x0000000000000000        0xc Drivers/STM32F7xx_HAL_Driver/Src/stm32f7xx_hal.o
 .text.HAL_GetUIDw1
                0x0000000000000000        0xc Drivers/STM32F7xx_HAL_Driver/Src/stm32f7xx_hal.o
 .text.HAL_GetUIDw2
[...]
Memory Configuration

Name             Origin             Length             Attributes
RAM              0x0000000020000000 0x0000000000050000 xrw
FLASH            0x0000000008000000 0x0000000000100000 xr
*default*        0x0000000000000000 0xffffffffffffffff

Linker script and memory map

LOAD /opt/Atollic_TrueSTUDIO_for_STM32_x86_64_9.3.0/ARMTools/bin/../lib/gcc/arm-atollic-eabi/6.3.1/armv7e-m/fpu/fpv5-sp-d16/crti.o
LOAD /opt/Atollic_TrueSTUDIO_for_STM32_x86_64_9.3.0/ARMTools/bin/../lib/gcc/arm-atollic-eabi/6.3.1/armv7e-m/fpu/fpv5-sp-d16/crtbegin.o
LOAD Drivers/STM32F7xx_HAL_Driver/Src/stm32f7xx_hal.o
LOAD Drivers/STM32F7xx_HAL_Driver/Src/stm32f7xx_hal_cortex.o
LOAD Drivers/STM32F7xx_HAL_Driver/Src/stm32f7xx_hal_dma.o
LOAD Drivers/STM32F7xx_HAL_Driver/Src/stm32f7xx_hal_dma_ex.o
LOAD Drivers/STM32F7xx_HAL_Driver/Src/stm32f7xx_hal_dsi.o
LOAD Drivers/STM32F7xx_HAL_Driver/Src/stm32f7xx_hal_exti.o
LOAD Drivers/STM32F7xx_HAL_Driver/Src/stm32f7xx_hal_flash.o
LOAD Drivers/STM32F7xx_HAL_Driver/Src/stm32f7xx_hal_flash_ex.o
LOAD Drivers/STM32F7xx_HAL_Driver/Src/stm32f7xx_hal_gpio.o
LOAD Drivers/STM32F7xx_HAL_Driver/Src/stm32f7xx_hal_i2c.o
LOAD Drivers/STM32F7xx_HAL_Driver/Src/stm32f7xx_hal_i2c_ex.o
LOAD Drivers/STM32F7xx_HAL_Driver/Src/stm32f7xx_hal_ltdc.o
LOAD Drivers/STM32F7xx_HAL_Driver/Src/stm32f7xx_hal_ltdc_ex.o
LOAD Drivers/STM32F7xx_HAL_Driver/Src/stm32f7xx_hal_pwr.o
LOAD Drivers/STM32F7xx_HAL_Driver/Src/stm32f7xx_hal_pwr_ex.o
LOAD Drivers/STM32F7xx_HAL_Driver/Src/stm32f7xx_hal_rcc.o
LOAD Drivers/STM32F7xx_HAL_Driver/Src/stm32f7xx_hal_rcc_ex.o
LOAD Drivers/STM32F7xx_HAL_Driver/Src/stm32f7xx_hal_rng.o
LOAD Drivers/STM32F7xx_HAL_Driver/Src/stm32f7xx_hal_tim.o
LOAD Drivers/STM32F7xx_HAL_Driver/Src/stm32f7xx_hal_tim_ex.o
LOAD Src/ltdc.o
LOAD Src/main.o
LOAD Src/stm32f7xx_hal_msp.o
LOAD Src/stm32f7xx_it.o
LOAD Src/syscalls.o
LOAD Src/system_stm32f7xx.o
LOAD startup/startup_stm32f746xx.o
                0x0000000000000080                malloc_getpagesize_P = 0x80
START GROUP
LOAD /opt/Atollic_TrueSTUDIO_for_STM32_x86_64_9.3.0/ARMTools/bin/../lib/gcc/arm-atollic-eabi/6.3.1/../../../../arm-atollic-eabi/lib/armv7e-m/fpu/fpv5-sp-d16/libc_nano.a
LOAD /opt/Atollic_TrueSTUDIO_for_STM32_x86_64_9.3.0/ARMTools/bin/../lib/gcc/arm-atollic-eabi/6.3.1/../../../../arm-atollic-eabi/lib/armv7e-m/fpu/fpv5-sp-d16/libm.a
END GROUP
START GROUP
LOAD /opt/Atollic_TrueSTUDIO_for_STM32_x86_64_9.3.0/ARMTools/bin/../lib/gcc/arm-atollic-eabi/6.3.1/armv7e-m/fpu/fpv5-sp-d16/libgcc.a
LOAD /opt/Atollic_TrueSTUDIO_for_STM32_x86_64_9.3.0/ARMTools/bin/../lib/gcc/arm-atollic-eabi/6.3.1/../../../../arm-atollic-eabi/lib/armv7e-m/fpu/fpv5-sp-d16/libc_nano.a
END GROUP
START GROUP
LOAD /opt/Atollic_TrueSTUDIO_for_STM32_x86_64_9.3.0/ARMTools/bin/../lib/gcc/arm-atollic-eabi/6.3.1/armv7e-m/fpu/fpv5-sp-d16/libgcc.a
LOAD /opt/Atollic_TrueSTUDIO_for_STM32_x86_64_9.3.0/ARMTools/bin/../lib/gcc/arm-atollic-eabi/6.3.1/../../../../arm-atollic-eabi/lib/armv7e-m/fpu/fpv5-sp-d16/libc_nano.a
LOAD /opt/Atollic_TrueSTUDIO_for_STM32_x86_64_9.3.0/ARMTools/bin/../lib/gcc/arm-atollic-eabi/6.3.1/../../../../arm-atollic-eabi/lib/armv7e-m/fpu/fpv5-sp-d16/libnosys.a
END GROUP
START GROUP
LOAD /opt/Atollic_TrueSTUDIO_for_STM32_x86_64_9.3.0/ARMTools/bin/../lib/gcc/arm-atollic-eabi/6.3.1/armv7e-m/fpu/fpv5-sp-d16/libgcc.a
LOAD /opt/Atollic_TrueSTUDIO_for_STM32_x86_64_9.3.0/ARMTools/bin/../lib/gcc/arm-atollic-eabi/6.3.1/../../../../arm-atollic-eabi/lib/armv7e-m/fpu/fpv5-sp-d16/libc_nano.a
LOAD /opt/Atollic_TrueSTUDIO_for_STM32_x86_64_9.3.0/ARMTools/bin/../lib/gcc/arm-atollic-eabi/6.3.1/../../../../arm-atollic-eabi/lib/armv7e-m/fpu/fpv5-sp-d16/libnosys.a
END GROUP
LOAD /opt/Atollic_TrueSTUDIO_for_STM32_x86_64_9.3.0/ARMTools/bin/../lib/gcc/arm-atollic-eabi/6.3.1/armv7e-m/fpu/fpv5-sp-d16/crtend.o
LOAD /opt/Atollic_TrueSTUDIO_for_STM32_x86_64_9.3.0/ARMTools/bin/../lib/gcc/arm-atollic-eabi/6.3.1/armv7e-m/fpu/fpv5-sp-d16/crtn.o
                0x0000000020050000                _estack = 0x20050000
                0x0000000000002000                _Min_Heap_Size = 0x2000
                0x0000000000004000                _Min_Stack_Size = 0x4000

.isr_vector     0x0000000008000000      0x1c8
                0x0000000008000000                . = ALIGN (0x4)
 *(.isr_vector)
 .isr_vector    0x0000000008000000      0x1c8 startup/startup_stm32f746xx.o
                0x0000000008000000                g_pfnVectors
                0x00000000080001c8                . = ALIGN (0x4)

.text           0x00000000080001c8     0x1f78
                0x00000000080001c8                . = ALIGN (0x4)
 *(.text)
 .text          0x00000000080001c8       0x40 /opt/Atollic_TrueSTUDIO_for_STM32_x86_64_9.3.0/ARMTools/bin/../lib/gcc/arm-atollic-eabi/6.3.1/armv7e-m/fpu/fpv5-sp-d16/crtbegin.o
 .text          0x0000000008000208       0x30 /opt/Atollic_TrueSTUDIO_for_STM32_x86_64_9.3.0/ARMTools/bin/../lib/gcc/arm-atollic-eabi/6.3.1/armv7e-m/fpu/fpv5-sp-d16/libgcc.a(_aeabi_uldivmod.o)
                0x0000000008000208                __aeabi_uldivmod
 .text          0x0000000008000238      0x2dc /opt/Atollic_TrueSTUDIO_for_STM32_x86_64_9.3.0/ARMTools/bin/../lib/gcc/arm-atollic-eabi/6.3.1/armv7e-m/fpu/fpv5-sp-d16/libgcc.a(_udivmoddi4.o)
                0x0000000008000238                __udivmoddi4
 .text          0x0000000008000514        0x4 /opt/Atollic_TrueSTUDIO_for_STM32_x86_64_9.3.0/ARMTools/bin/../lib/gcc/arm-atollic-eabi/6.3.1/armv7e-m/fpu/fpv5-sp-d16/libgcc.a(_dvmd_tls.o)
                0x0000000008000514                __aeabi_ldiv0
                0x0000000008000514                __aeabi_idiv0
 *(.text*)
 .text.HAL_InitTick
                0x0000000008000518       0x48 Drivers/STM32F7xx_HAL_Driver/Src/stm32f7xx_hal.o
                0x0000000008000518                HAL_InitTick
 .text.HAL_Init
                0x0000000008000560       0x18 Drivers/STM32F7xx_HAL_Driver/Src/stm32f7xx_hal.o
                0x0000000008000560                HAL_Init
 .text.HAL_IncTick
                0x0000000008000578       0x18 Drivers/STM32F7xx_HAL_Driver/Src/stm32f7xx_hal.o
                0x0000000008000578                HAL_IncTick
 .text.HAL_GetTick
                0x0000000008000590        0xc Drivers/STM32F7xx_HAL_Driver/Src/stm32f7xx_hal.o
                0x0000000008000590                HAL_GetTick
 .text.HAL_Delay
                0x000000000800059c       0x24 Drivers/STM32F7xx_HAL_Driver/Src/stm32f7xx_hal.o
                0x000000000800059c                HAL_Delay
 .text.HAL_NVIC_SetPriorityGrouping
                0x00000000080005c0       0x28 Drivers/STM32F7xx_HAL_Driver/Src/stm32f7xx_hal_cortex.o
                0x00000000080005c0                HAL_NVIC_SetPriorityGrouping
 .text.HAL_NVIC_SetPriority
                0x00000000080005e8       0x74 Drivers/STM32F7xx_HAL_Driver/Src/stm32f7xx_hal_cortex.o
                0x00000000080005e8                HAL_NVIC_SetPriority
 .text.HAL_SYSTICK_Config
                0x000000000800065c       0x30 Drivers/STM32F7xx_HAL_Driver/Src/stm32f7xx_hal_cortex.o
                0x000000000800065c                HAL_SYSTICK_Config
 .text.HAL_MPU_Disable
                0x000000000800068c       0x20 Drivers/STM32F7xx_HAL_Driver/Src/stm32f7xx_hal_cortex.o
                0x000000000800068c                HAL_MPU_Disable
 .text.HAL_MPU_Enable
                0x00000000080006ac       0x24 Drivers/STM32F7xx_HAL_Driver/Src/stm32f7xx_hal_cortex.o
                0x00000000080006ac                HAL_MPU_Enable
 .text.HAL_MPU_ConfigRegion
                0x00000000080006d0       0x54 Drivers/STM32F7xx_HAL_Driver/Src/stm32f7xx_hal_cortex.o
                0x00000000080006d0                HAL_MPU_ConfigRegion
 .text.HAL_GPIO_Init
                0x0000000008000724      0x254 Drivers/STM32F7xx_HAL_Driver/Src/stm32f7xx_hal_gpio.o
                0x0000000008000724                HAL_GPIO_Init
 .text.HAL_GPIO_WritePin
                0x0000000008000978        0x8 Drivers/STM32F7xx_HAL_Driver/Src/stm32f7xx_hal_gpio.o
                0x0000000008000978                HAL_GPIO_WritePin
 .text.LTDC_SetConfig
                0x0000000008000980      0x120 Drivers/STM32F7xx_HAL_Driver/Src/stm32f7xx_hal_ltdc.o
 .text.HAL_LTDC_Init
                0x0000000008000aa0       0xf0 Drivers/STM32F7xx_HAL_Driver/Src/stm32f7xx_hal_ltdc.o
                0x0000000008000aa0                HAL_LTDC_Init
 .text.HAL_LTDC_ConfigLayer
                0x0000000008000b90       0x60 Drivers/STM32F7xx_HAL_Driver/Src/stm32f7xx_hal_ltdc.o
                0x0000000008000b90                HAL_LTDC_ConfigLayer
 .text.HAL_LTDC_SetAddress
                0x0000000008000bf0       0x44 Drivers/STM32F7xx_HAL_Driver/Src/stm32f7xx_hal_ltdc.o
                0x0000000008000bf0                HAL_LTDC_SetAddress
 .text.HAL_PWREx_EnableOverDrive
                0x0000000008000c34       0x78 Drivers/STM32F7xx_HAL_Driver/Src/stm32f7xx_hal_pwr_ex.o
                0x0000000008000c34                HAL_PWREx_EnableOverDrive
 .text.HAL_RCC_OscConfig
                0x0000000008000cac      0x3ac Drivers/STM32F7xx_HAL_Driver/Src/stm32f7xx_hal_rcc.o
                0x0000000008000cac                HAL_RCC_OscConfig
 .text.HAL_RCC_GetSysClockFreq
                0x0000000008001058       0x68 Drivers/STM32F7xx_HAL_Driver/Src/stm32f7xx_hal_rcc.o
                0x0000000008001058                HAL_RCC_GetSysClockFreq
 .text.HAL_RCC_ClockConfig
                0x00000000080010c0      0x13c Drivers/STM32F7xx_HAL_Driver/Src/stm32f7xx_hal_rcc.o
                0x00000000080010c0                HAL_RCC_ClockConfig
 .text.HAL_RCCEx_PeriphCLKConfig
                0x00000000080011fc      0x538 Drivers/STM32F7xx_HAL_Driver/Src/stm32f7xx_hal_rcc_ex.o
                0x00000000080011fc                HAL_RCCEx_PeriphCLKConfig
 .text.HAL_RNG_GenerateRandomNumber.part.0
                0x0000000008001734       0x54 Drivers/STM32F7xx_HAL_Driver/Src/stm32f7xx_hal_rng.o
 .text.HAL_RNG_Init
                0x0000000008001788       0x34 Drivers/STM32F7xx_HAL_Driver/Src/stm32f7xx_hal_rng.o
                0x0000000008001788                HAL_RNG_Init
 .text.HAL_RNG_GetRandomNumber
                0x00000000080017bc       0x20 Drivers/STM32F7xx_HAL_Driver/Src/stm32f7xx_hal_rng.o
                0x00000000080017bc                HAL_RNG_GetRandomNumber
 .text.TFT_FillScreen
                0x00000000080017dc       0x24 Src/ltdc.o
                0x00000000080017dc                TFT_FillScreen
 .text.TFT_FillRectangle
                0x0000000008001800       0x54 Src/ltdc.o
                0x0000000008001800                TFT_FillRectangle
 .text.TFT_DrawPixel
                0x0000000008001854       0x1c Src/ltdc.o
                0x0000000008001854                TFT_DrawPixel
 .text.TFT_DrawLine
                0x0000000008001870       0xd0 Src/ltdc.o
                0x0000000008001870                TFT_DrawLine
 .text.SystemClock_Config
                0x0000000008001940       0xc8 Src/main.o
                0x0000000008001940                SystemClock_Config
 .text.startup.main
                0x0000000008001a08      0x490 Src/main.o
                0x0000000008001a08                main
 .text.HAL_MspInit
                0x0000000008001e98       0x30 Src/stm32f7xx_hal_msp.o
                0x0000000008001e98                HAL_MspInit
 .text.HAL_LTDC_MspInit
                0x0000000008001ec8      0x114 Src/stm32f7xx_hal_msp.o
                0x0000000008001ec8                HAL_LTDC_MspInit
 .text.HAL_RNG_MspInit
                0x0000000008001fdc       0x2c Src/stm32f7xx_hal_msp.o
                0x0000000008001fdc                HAL_RNG_MspInit
 .text.NMI_Handler
                0x0000000008002008        0x4 Src/stm32f7xx_it.o
                0x0000000008002008                NMI_Handler
 .text.HardFault_Handler
                0x000000000800200c        0x4 Src/stm32f7xx_it.o
                0x000000000800200c                HardFault_Handler
 .text.MemManage_Handler
                0x0000000008002010        0x4 Src/stm32f7xx_it.o
                0x0000000008002010                MemManage_Handler
 .text.BusFault_Handler
                0x0000000008002014        0x4 Src/stm32f7xx_it.o
                0x0000000008002014                BusFault_Handler
 .text.UsageFault_Handler
                0x0000000008002018        0x4 Src/stm32f7xx_it.o
                0x0000000008002018                UsageFault_Handler
 .text.SVC_Handler
                0x000000000800201c        0x4 Src/stm32f7xx_it.o
                0x000000000800201c                SVC_Handler
 .text.DebugMon_Handler
                0x0000000008002020        0x4 Src/stm32f7xx_it.o
                0x0000000008002020                DebugMon_Handler
 .text.PendSV_Handler
                0x0000000008002024        0x4 Src/stm32f7xx_it.o
                0x0000000008002024                PendSV_Handler
 .text.SysTick_Handler
                0x0000000008002028        0x4 Src/stm32f7xx_it.o
                0x0000000008002028                SysTick_Handler
 .text.SystemInit
                0x000000000800202c       0x50 Src/system_stm32f7xx.o
                0x000000000800202c                SystemInit
 .text.Reset_Handler
                0x000000000800207c       0x50 startup/startup_stm32f746xx.o
                0x000000000800207c                Reset_Handler
 .text.Default_Handler
                0x00000000080020cc        0x2 startup/startup_stm32f746xx.o
                0x00000000080020cc                RTC_Alarm_IRQHandler
                0x00000000080020cc                EXTI2_IRQHandler
                0x00000000080020cc                TIM8_CC_IRQHandler
                0x00000000080020cc                UART8_IRQHandler
                0x00000000080020cc                SPI4_IRQHandler
                0x00000000080020cc                TIM1_CC_IRQHandler
                0x00000000080020cc                DMA2_Stream5_IRQHandler
                0x00000000080020cc                DMA1_Stream5_IRQHandler
                0x00000000080020cc                PVD_IRQHandler
                0x00000000080020cc                TAMP_STAMP_IRQHandler
                0x00000000080020cc                CAN2_RX1_IRQHandler
                0x00000000080020cc                EXTI3_IRQHandler
                0x00000000080020cc                TIM8_TRG_COM_TIM14_IRQHandler
                0x00000000080020cc                TIM1_UP_TIM10_IRQHandler
                0x00000000080020cc                TIM8_UP_TIM13_IRQHandler
                0x00000000080020cc                I2C3_ER_IRQHandler
                0x00000000080020cc                EXTI0_IRQHandler
                0x00000000080020cc                I2C2_EV_IRQHandler
                0x00000000080020cc                DMA1_Stream2_IRQHandler
                0x00000000080020cc                CAN1_RX0_IRQHandler
                0x00000000080020cc                FPU_IRQHandler
                0x00000000080020cc                OTG_HS_WKUP_IRQHandler
                0x00000000080020cc                LTDC_ER_IRQHandler
                0x00000000080020cc                CAN2_SCE_IRQHandler
                0x00000000080020cc                DMA2_Stream2_IRQHandler
                0x00000000080020cc                SPI1_IRQHandler
                0x00000000080020cc                TIM6_DAC_IRQHandler
                0x00000000080020cc                TIM1_BRK_TIM9_IRQHandler
                0x00000000080020cc                DCMI_IRQHandler
                0x00000000080020cc                CAN2_RX0_IRQHandler
                0x00000000080020cc                DMA2_Stream3_IRQHandler
                0x00000000080020cc                SAI2_IRQHandler
                0x00000000080020cc                USART6_IRQHandler
                0x00000000080020cc                USART3_IRQHandler
                0x00000000080020cc                CAN1_RX1_IRQHandler
                0x00000000080020cc                UART5_IRQHandler
                0x00000000080020cc                DMA2_Stream0_IRQHandler
                0x00000000080020cc                TIM4_IRQHandler
                0x00000000080020cc                QUADSPI_IRQHandler
                0x00000000080020cc                I2C1_EV_IRQHandler
                0x00000000080020cc                DMA1_Stream6_IRQHandler
                0x00000000080020cc                DMA1_Stream1_IRQHandler
                0x00000000080020cc                UART4_IRQHandler
                0x00000000080020cc                TIM3_IRQHandler
                0x00000000080020cc                RCC_IRQHandler
                0x00000000080020cc                TIM8_BRK_TIM12_IRQHandler
                0x00000000080020cc                Default_Handler
                0x00000000080020cc                CEC_IRQHandler
                0x00000000080020cc                EXTI15_10_IRQHandler
                0x00000000080020cc                ADC_IRQHandler
                0x00000000080020cc                DMA1_Stream7_IRQHandler
                0x00000000080020cc                SPI5_IRQHandler
                0x00000000080020cc                TIM7_IRQHandler
                0x00000000080020cc                SDMMC1_IRQHandler
                0x00000000080020cc                CAN2_TX_IRQHandler
                0x00000000080020cc                TIM5_IRQHandler
                0x00000000080020cc                DMA2_Stream7_IRQHandler
                0x00000000080020cc                I2C3_EV_IRQHandler
                0x00000000080020cc                EXTI9_5_IRQHandler
                0x00000000080020cc                RTC_WKUP_IRQHandler
                0x00000000080020cc                LTDC_IRQHandler
                0x00000000080020cc                ETH_WKUP_IRQHandler
                0x00000000080020cc                SPDIF_RX_IRQHandler
                0x00000000080020cc                SPI2_IRQHandler
                0x00000000080020cc                OTG_HS_EP1_IN_IRQHandler
                0x00000000080020cc                DMA1_Stream0_IRQHandler
                0x00000000080020cc                CAN1_TX_IRQHandler
                0x00000000080020cc                EXTI4_IRQHandler
                0x00000000080020cc                RNG_IRQHandler
                0x00000000080020cc                ETH_IRQHandler
                0x00000000080020cc                OTG_HS_EP1_OUT_IRQHandler
                0x00000000080020cc                WWDG_IRQHandler
                0x00000000080020cc                SPI6_IRQHandler
                0x00000000080020cc                I2C4_EV_IRQHandler
                0x00000000080020cc                TIM2_IRQHandler
                0x00000000080020cc                OTG_FS_WKUP_IRQHandler
                0x00000000080020cc                TIM1_TRG_COM_TIM11_IRQHandler
                0x00000000080020cc                OTG_HS_IRQHandler
                0x00000000080020cc                DMA2D_IRQHandler
                0x00000000080020cc                EXTI1_IRQHandler
                0x00000000080020cc                UART7_IRQHandler
                0x00000000080020cc                USART2_IRQHandler
                0x00000000080020cc                I2C2_ER_IRQHandler
                0x00000000080020cc                DMA2_Stream1_IRQHandler
                0x00000000080020cc                CAN1_SCE_IRQHandler
                0x00000000080020cc                FLASH_IRQHandler
                0x00000000080020cc                DMA2_Stream4_IRQHandler
                0x00000000080020cc                USART1_IRQHandler
                0x00000000080020cc                OTG_FS_IRQHandler
                0x00000000080020cc                SPI3_IRQHandler
                0x00000000080020cc                DMA1_Stream4_IRQHandler
                0x00000000080020cc                I2C1_ER_IRQHandler
                0x00000000080020cc                FMC_IRQHandler
                0x00000000080020cc                LPTIM1_IRQHandler
                0x00000000080020cc                I2C4_ER_IRQHandler
                0x00000000080020cc                DMA2_Stream6_IRQHandler
                0x00000000080020cc                SAI1_IRQHandler
                0x00000000080020cc                DMA1_Stream3_IRQHandler
 *fill*         0x00000000080020ce        0x2 
 .text.__libc_init_array
                0x00000000080020d0       0x48 /opt/Atollic_TrueSTUDIO_for_STM32_x86_64_9.3.0/ARMTools/bin/../lib/gcc/arm-atollic-eabi/6.3.1/../../../../arm-atollic-eabi/lib/armv7e-m/fpu/fpv5-sp-d16/libc_nano.a(lib_a-init.o)
                0x00000000080020d0                __libc_init_array
 .text.memset   0x0000000008002118       0x10 /opt/Atollic_TrueSTUDIO_for_STM32_x86_64_9.3.0/ARMTools/bin/../lib/gcc/arm-atollic-eabi/6.3.1/../../../../arm-atollic-eabi/lib/armv7e-m/fpu/fpv5-sp-d16/libc_nano.a(lib_a-memset.o)
                0x0000000008002118                memset
 *(.glue_7)
 .glue_7        0x0000000008002128        0x0 linker stubs
 *(.glue_7t)
 .glue_7t       0x0000000008002128        0x0 linker stubs
 *(.eh_frame)
 .eh_frame      0x0000000008002128        0x0 /opt/Atollic_TrueSTUDIO_for_STM32_x86_64_9.3.0/ARMTools/bin/../lib/gcc/arm-atollic-eabi/6.3.1/armv7e-m/fpu/fpv5-sp-d16/crtbegin.o
 *(.init)
 .init          0x0000000008002128        0x4 /opt/Atollic_TrueSTUDIO_for_STM32_x86_64_9.3.0/ARMTools/bin/../lib/gcc/arm-atollic-eabi/6.3.1/armv7e-m/fpu/fpv5-sp-d16/crti.o
                0x0000000008002128                _init
 .init          0x000000000800212c        0x8 /opt/Atollic_TrueSTUDIO_for_STM32_x86_64_9.3.0/ARMTools/bin/../lib/gcc/arm-atollic-eabi/6.3.1/armv7e-m/fpu/fpv5-sp-d16/crtn.o
 *(.fini)
 .fini          0x0000000008002134        0x4 /opt/Atollic_TrueSTUDIO_for_STM32_x86_64_9.3.0/ARMTools/bin/../lib/gcc/arm-atollic-eabi/6.3.1/armv7e-m/fpu/fpv5-sp-d16/crti.o
                0x0000000008002134                _fini
 .fini          0x0000000008002138        0x8 /opt/Atollic_TrueSTUDIO_for_STM32_x86_64_9.3.0/ARMTools/bin/../lib/gcc/arm-atollic-eabi/6.3.1/armv7e-m/fpu/fpv5-sp-d16/crtn.o
                0x0000000008002140                . = ALIGN (0x4)
                0x0000000008002140                _etext = .

.vfp11_veneer   0x0000000008002140        0x0
 .vfp11_veneer  0x0000000008002140        0x0 linker stubs

.v4_bx          0x0000000008002140        0x0
 .v4_bx         0x0000000008002140        0x0 linker stubs

.iplt           0x0000000008002140        0x0
 .iplt          0x0000000008002140        0x0 /opt/Atollic_TrueSTUDIO_for_STM32_x86_64_9.3.0/ARMTools/bin/../lib/gcc/arm-atollic-eabi/6.3.1/armv7e-m/fpu/fpv5-sp-d16/crtbegin.o

.rodata         0x0000000008002140       0x10
                0x0000000008002140                . = ALIGN (0x4)
 *(.rodata)
 *(.rodata*)
 .rodata.AHBPrescTable
                0x0000000008002140       0x10 Src/system_stm32f7xx.o
                0x0000000008002140                AHBPrescTable
                0x0000000008002150                . = ALIGN (0x4)

.ARM.extab
 *(.ARM.extab* .gnu.linkonce.armextab.*)

.ARM            0x0000000008002150        0x8
                0x0000000008002150                __exidx_start = .
 *(.ARM.exidx*)
 .ARM.exidx     0x0000000008002150        0x8 /opt/Atollic_TrueSTUDIO_for_STM32_x86_64_9.3.0/ARMTools/bin/../lib/gcc/arm-atollic-eabi/6.3.1/armv7e-m/fpu/fpv5-sp-d16/libgcc.a(_udivmoddi4.o)
                0x0000000008002158                __exidx_end = .

.rel.dyn        0x0000000008002158        0x0
 .rel.iplt      0x0000000008002158        0x0 /opt/Atollic_TrueSTUDIO_for_STM32_x86_64_9.3.0/ARMTools/bin/../lib/gcc/arm-atollic-eabi/6.3.1/armv7e-m/fpu/fpv5-sp-d16/crtbegin.o

.preinit_array  0x0000000008002158        0x0
                0x0000000008002158                PROVIDE (__preinit_array_start, .)
 *(.preinit_array*)
                0x0000000008002158                PROVIDE (__preinit_array_end, .)

.init_array     0x0000000008002158        0x4
                0x0000000008002158                PROVIDE (__init_array_start, .)
 *(SORT(.init_array.*))
 *(.init_array*)
 .init_array    0x0000000008002158        0x4 /opt/Atollic_TrueSTUDIO_for_STM32_x86_64_9.3.0/ARMTools/bin/../lib/gcc/arm-atollic-eabi/6.3.1/armv7e-m/fpu/fpv5-sp-d16/crtbegin.o
                0x000000000800215c                PROVIDE (__init_array_end, .)

.fini_array     0x000000000800215c        0x4
                [!provide]                        PROVIDE (__fini_array_start, .)
 *(SORT(.fini_array.*))
 *(.fini_array*)
 .fini_array    0x000000000800215c        0x4 /opt/Atollic_TrueSTUDIO_for_STM32_x86_64_9.3.0/ARMTools/bin/../lib/gcc/arm-atollic-eabi/6.3.1/armv7e-m/fpu/fpv5-sp-d16/crtbegin.o
                [!provide]                        PROVIDE (__fini_array_end, .)
                0x0000000008002160                _sidata = LOADADDR (.data)

.data           0x0000000020000000        0xc load address 0x0000000008002160
                0x0000000020000000                . = ALIGN (0x4)
                0x0000000020000000                _sdata = .
 *(.data)
 *(.data*)
 .data.uwTickFreq
                0x0000000020000000        0x1 Drivers/STM32F7xx_HAL_Driver/Src/stm32f7xx_hal.o
                0x0000000020000000                uwTickFreq
 *fill*         0x0000000020000001        0x3 
 .data.uwTickPrio
                0x0000000020000004        0x4 Drivers/STM32F7xx_HAL_Driver/Src/stm32f7xx_hal.o
                0x0000000020000004                uwTickPrio
 .data.SystemCoreClock
                0x0000000020000008        0x4 Src/system_stm32f7xx.o
                0x0000000020000008                SystemCoreClock
                0x000000002000000c                . = ALIGN (0x4)
                0x000000002000000c                _edata = .

.igot.plt       0x000000002000000c        0x0 load address 0x000000000800216c
 .igot.plt      0x000000002000000c        0x0 /opt/Atollic_TrueSTUDIO_for_STM32_x86_64_9.3.0/ARMTools/bin/../lib/gcc/arm-atollic-eabi/6.3.1/armv7e-m/fpu/fpv5-sp-d16/crtbegin.o
                0x000000002000000c                . = ALIGN (0x4)

.bss            0x000000002000000c    0x3fcd8 load address 0x000000000800216c
                0x000000002000000c                _sbss = .
                0x000000002000000c                __bss_start__ = _sbss
 *(.bss)
 .bss           0x000000002000000c       0x1c /opt/Atollic_TrueSTUDIO_for_STM32_x86_64_9.3.0/ARMTools/bin/../lib/gcc/arm-atollic-eabi/6.3.1/armv7e-m/fpu/fpv5-sp-d16/crtbegin.o
 *(.bss*)
 .bss.RGB565_480x272
                0x0000000020000028    0x3fc00 Src/main.o
                0x0000000020000028                RGB565_480x272
 *(COMMON)
 COMMON         0x000000002003fc28        0x4 Drivers/STM32F7xx_HAL_Driver/Src/stm32f7xx_hal.o
                0x000000002003fc28                uwTick
 COMMON         0x000000002003fc2c       0xb8 Src/main.o
                0x000000002003fc2c                hltdc
                0x000000002003fcd4                hrng
                0x000000002003fce4                . = ALIGN (0x4)
                0x000000002003fce4                _ebss = .
                0x000000002003fce4                __bss_end__ = _ebss

._user_heap_stack
                0x000000002003fce4     0x6000 load address 0x000000000800216c
                0x000000002003fce4                . = ALIGN (0x4)
                0x000000002003fce4                PROVIDE (end, .)
                [!provide]                        PROVIDE (_end, .)
                0x0000000020041ce4                . = (. + _Min_Heap_Size)
 *fill*         0x000000002003fce4     0x2000 
                0x0000000020045ce4                . = (. + _Min_Stack_Size)
 *fill*         0x0000000020041ce4     0x4000 
                0x0000000020045ce4                . = ALIGN (0x4)

/DISCARD/
 libc.a(*)
 libm.a(*)
 libgcc.a(*)

.ARM.attributes
                0x0000000000000000       0x30
 *(.ARM.attributes)
 .ARM.attributes
                0x0000000000000000       0x22 /opt/Atollic_TrueSTUDIO_for_STM32_x86_64_9.3.0/ARMTools/bin/../lib/gcc/arm-atollic-eabi/6.3.1/armv7e-m/fpu/fpv5-sp-d16/crti.o
 .ARM.attributes
                0x0000000000000022       0x34 /opt/Atollic_TrueSTUDIO_for_STM32_x86_64_9.3.0/ARMTools/bin/../lib/gcc/arm-atollic-eabi/6.3.1/armv7e-m/fpu/fpv5-sp-d16/crtbegin.o
 .ARM.attributes
                0x0000000000000056       0x39 Drivers/STM32F7xx_HAL_Driver/Src/stm32f7xx_hal.o
 .ARM.attributes
                0x000000000000008f       0x39 Drivers/STM32F7xx_HAL_Driver/Src/stm32f7xx_hal_cortex.o
 .ARM.attributes
                0x00000000000000c8       0x39 Drivers/STM32F7xx_HAL_Driver/Src/stm32f7xx_hal_gpio.o
 .ARM.attributes
                0x0000000000000101       0x39 Drivers/STM32F7xx_HAL_Driver/Src/stm32f7xx_hal_ltdc.o
 .ARM.attributes
                0x000000000000013a       0x39 Drivers/STM32F7xx_HAL_Driver/Src/stm32f7xx_hal_pwr_ex.o
 .ARM.attributes
                0x0000000000000173       0x39 Drivers/STM32F7xx_HAL_Driver/Src/stm32f7xx_hal_rcc.o
 .ARM.attributes
                0x00000000000001ac       0x39 Drivers/STM32F7xx_HAL_Driver/Src/stm32f7xx_hal_rcc_ex.o
 .ARM.attributes
                0x00000000000001e5       0x39 Drivers/STM32F7xx_HAL_Driver/Src/stm32f7xx_hal_rng.o
 .ARM.attributes
                0x000000000000021e       0x39 Src/ltdc.o
 .ARM.attributes
                0x0000000000000257       0x39 Src/main.o
 .ARM.attributes
                0x0000000000000290       0x39 Src/stm32f7xx_hal_msp.o
 .ARM.attributes
                0x00000000000002c9       0x39 Src/stm32f7xx_it.o
 .ARM.attributes
                0x0000000000000302       0x39 Src/system_stm32f7xx.o
 .ARM.attributes
                0x000000000000033b       0x21 startup/startup_stm32f746xx.o
 .ARM.attributes
                0x000000000000035c       0x34 /opt/Atollic_TrueSTUDIO_for_STM32_x86_64_9.3.0/ARMTools/bin/../lib/gcc/arm-atollic-eabi/6.3.1/../../../../arm-atollic-eabi/lib/armv7e-m/fpu/fpv5-sp-d16/libc_nano.a(lib_a-init.o)
 .ARM.attributes
                0x0000000000000390       0x34 /opt/Atollic_TrueSTUDIO_for_STM32_x86_64_9.3.0/ARMTools/bin/../lib/gcc/arm-atollic-eabi/6.3.1/../../../../arm-atollic-eabi/lib/armv7e-m/fpu/fpv5-sp-d16/libc_nano.a(lib_a-memset.o)
 .ARM.attributes
                0x00000000000003c4       0x22 /opt/Atollic_TrueSTUDIO_for_STM32_x86_64_9.3.0/ARMTools/bin/../lib/gcc/arm-atollic-eabi/6.3.1/armv7e-m/fpu/fpv5-sp-d16/libgcc.a(_aeabi_uldivmod.o)
 .ARM.attributes
                0x00000000000003e6       0x34 /opt/Atollic_TrueSTUDIO_for_STM32_x86_64_9.3.0/ARMTools/bin/../lib/gcc/arm-atollic-eabi/6.3.1/armv7e-m/fpu/fpv5-sp-d16/libgcc.a(_udivmoddi4.o)
 .ARM.attributes
                0x000000000000041a       0x22 /opt/Atollic_TrueSTUDIO_for_STM32_x86_64_9.3.0/ARMTools/bin/../lib/gcc/arm-atollic-eabi/6.3.1/armv7e-m/fpu/fpv5-sp-d16/libgcc.a(_dvmd_tls.o)
 .ARM.attributes
                0x000000000000043c       0x22 /opt/Atollic_TrueSTUDIO_for_STM32_x86_64_9.3.0/ARMTools/bin/../lib/gcc/arm-atollic-eabi/6.3.1/armv7e-m/fpu/fpv5-sp-d16/crtn.o
OUTPUT(ubuntuLTDC.elf elf32-littlearm)

.debug_info     0x0000000000000000     0xa47e
 .debug_info    0x0000000000000000      0xa92 Drivers/STM32F7xx_HAL_Driver/Src/stm32f7xx_hal.o
 .debug_info    0x0000000000000a92     0x11ae Drivers/STM32F7xx_HAL_Driver/Src/stm32f7xx_hal_cortex.o
 .debug_info    0x0000000000001c40      0x7ed Drivers/STM32F7xx_HAL_Driver/Src/stm32f7xx_hal_gpio.o
 .debug_info    0x000000000000242d     0x136c Drivers/STM32F7xx_HAL_Driver/Src/stm32f7xx_hal_ltdc.o
 .debug_info    0x0000000000003799      0xa34 Drivers/STM32F7xx_HAL_Driver/Src/stm32f7xx_hal_pwr_ex.o
 .debug_info    0x00000000000041cd      0xb6d Drivers/STM32F7xx_HAL_Driver/Src/stm32f7xx_hal_rcc.o
 .debug_info    0x0000000000004d3a      0x8a5 Drivers/STM32F7xx_HAL_Driver/Src/stm32f7xx_hal_rcc_ex.o
 .debug_info    0x00000000000055df      0x669 Drivers/STM32F7xx_HAL_Driver/Src/stm32f7xx_hal_rng.o
 .debug_info    0x0000000000005c48      0xfd9 Src/ltdc.o
 .debug_info    0x0000000000006c21     0x232b Src/main.o
 .debug_info    0x0000000000008f4c      0xb68 Src/stm32f7xx_hal_msp.o
 .debug_info    0x0000000000009ab4      0x20d Src/stm32f7xx_it.o
 .debug_info    0x0000000000009cc1      0x744 Src/system_stm32f7xx.o
 .debug_info    0x000000000000a405       0x79 startup/startup_stm32f746xx.o

.debug_abbrev   0x0000000000000000     0x1c14
 .debug_abbrev  0x0000000000000000      0x239 Drivers/STM32F7xx_HAL_Driver/Src/stm32f7xx_hal.o
 .debug_abbrev  0x0000000000000239      0x30b Drivers/STM32F7xx_HAL_Driver/Src/stm32f7xx_hal_cortex.o
 .debug_abbrev  0x0000000000000544      0x1ef Drivers/STM32F7xx_HAL_Driver/Src/stm32f7xx_hal_gpio.o
 .debug_abbrev  0x0000000000000733      0x25c Drivers/STM32F7xx_HAL_Driver/Src/stm32f7xx_hal_ltdc.o
 .debug_abbrev  0x000000000000098f      0x1b9 Drivers/STM32F7xx_HAL_Driver/Src/stm32f7xx_hal_pwr_ex.o
 .debug_abbrev  0x0000000000000b48      0x28a Drivers/STM32F7xx_HAL_Driver/Src/stm32f7xx_hal_rcc.o
 .debug_abbrev  0x0000000000000dd2      0x1c8 Drivers/STM32F7xx_HAL_Driver/Src/stm32f7xx_hal_rcc_ex.o
 .debug_abbrev  0x0000000000000f9a      0x26a Drivers/STM32F7xx_HAL_Driver/Src/stm32f7xx_hal_rng.o
 .debug_abbrev  0x0000000000001204      0x27d Src/ltdc.o
 .debug_abbrev  0x0000000000001481      0x34a Src/main.o
 .debug_abbrev  0x00000000000017cb      0x1e3 Src/stm32f7xx_hal_msp.o
 .debug_abbrev  0x00000000000019ae      0x112 Src/stm32f7xx_it.o
 .debug_abbrev  0x0000000000001ac0      0x142 Src/system_stm32f7xx.o
 .debug_abbrev  0x0000000000001c02       0x12 startup/startup_stm32f746xx.o

.debug_loc      0x0000000000000000     0x34d0
 .debug_loc     0x0000000000000000      0x11b Drivers/STM32F7xx_HAL_Driver/Src/stm32f7xx_hal.o
 .debug_loc     0x000000000000011b      0x634 Drivers/STM32F7xx_HAL_Driver/Src/stm32f7xx_hal_cortex.o
 .debug_loc     0x000000000000074f      0x405 Drivers/STM32F7xx_HAL_Driver/Src/stm32f7xx_hal_gpio.o
 .debug_loc     0x0000000000000b54     0x1331 Drivers/STM32F7xx_HAL_Driver/Src/stm32f7xx_hal_ltdc.o
 .debug_loc     0x0000000000001e85      0x257 Drivers/STM32F7xx_HAL_Driver/Src/stm32f7xx_hal_pwr_ex.o
 .debug_loc     0x00000000000020dc      0x4aa Drivers/STM32F7xx_HAL_Driver/Src/stm32f7xx_hal_rcc.o
 .debug_loc     0x0000000000002586      0x624 Drivers/STM32F7xx_HAL_Driver/Src/stm32f7xx_hal_rcc_ex.o
 .debug_loc     0x0000000000002baa      0x3a6 Drivers/STM32F7xx_HAL_Driver/Src/stm32f7xx_hal_rng.o
 .debug_loc     0x0000000000002f50      0x364 Src/ltdc.o
 .debug_loc     0x00000000000032b4       0x8e Src/main.o
 .debug_loc     0x0000000000003342       0x42 Src/stm32f7xx_hal_msp.o
 .debug_loc     0x0000000000003384      0x14c Src/system_stm32f7xx.o

.debug_aranges  0x0000000000000000      0x648
 .debug_aranges
                0x0000000000000000       0xf8 Drivers/STM32F7xx_HAL_Driver/Src/stm32f7xx_hal.o
 .debug_aranges
                0x00000000000000f8       0xa8 Drivers/STM32F7xx_HAL_Driver/Src/stm32f7xx_hal_cortex.o
 .debug_aranges
                0x00000000000001a0       0x58 Drivers/STM32F7xx_HAL_Driver/Src/stm32f7xx_hal_gpio.o
 .debug_aranges
                0x00000000000001f8      0x138 Drivers/STM32F7xx_HAL_Driver/Src/stm32f7xx_hal_ltdc.o
 .debug_aranges
                0x0000000000000330       0x80 Drivers/STM32F7xx_HAL_Driver/Src/stm32f7xx_hal_pwr_ex.o
 .debug_aranges
                0x00000000000003b0       0x88 Drivers/STM32F7xx_HAL_Driver/Src/stm32f7xx_hal_rcc.o
 .debug_aranges
                0x0000000000000438       0x50 Drivers/STM32F7xx_HAL_Driver/Src/stm32f7xx_hal_rcc_ex.o
 .debug_aranges
                0x0000000000000488       0x80 Drivers/STM32F7xx_HAL_Driver/Src/stm32f7xx_hal_rng.o
 .debug_aranges
                0x0000000000000508       0x38 Src/ltdc.o
 .debug_aranges
                0x0000000000000540       0x30 Src/main.o
 .debug_aranges
                0x0000000000000570       0x40 Src/stm32f7xx_hal_msp.o
 .debug_aranges
                0x00000000000005b0       0x48 Src/stm32f7xx_it.o
 .debug_aranges
                0x00000000000005f8       0x28 Src/system_stm32f7xx.o
 .debug_aranges
                0x0000000000000620       0x28 startup/startup_stm32f746xx.o

.debug_ranges   0x0000000000000000      0xa08
 .debug_ranges  0x0000000000000000       0xe8 Drivers/STM32F7xx_HAL_Driver/Src/stm32f7xx_hal.o
 .debug_ranges  0x00000000000000e8      0x180 Drivers/STM32F7xx_HAL_Driver/Src/stm32f7xx_hal_cortex.o
 .debug_ranges  0x0000000000000268       0x78 Drivers/STM32F7xx_HAL_Driver/Src/stm32f7xx_hal_gpio.o
 .debug_ranges  0x00000000000002e0      0x128 Drivers/STM32F7xx_HAL_Driver/Src/stm32f7xx_hal_ltdc.o
 .debug_ranges  0x0000000000000408      0x130 Drivers/STM32F7xx_HAL_Driver/Src/stm32f7xx_hal_pwr_ex.o
 .debug_ranges  0x0000000000000538      0x118 Drivers/STM32F7xx_HAL_Driver/Src/stm32f7xx_hal_rcc.o
 .debug_ranges  0x0000000000000650       0x60 Drivers/STM32F7xx_HAL_Driver/Src/stm32f7xx_hal_rcc_ex.o
 .debug_ranges  0x00000000000006b0       0x88 Drivers/STM32F7xx_HAL_Driver/Src/stm32f7xx_hal_rng.o
 .debug_ranges  0x0000000000000738       0x60 Src/ltdc.o
 .debug_ranges  0x0000000000000798      0x160 Src/main.o
 .debug_ranges  0x00000000000008f8       0xa0 Src/stm32f7xx_hal_msp.o
 .debug_ranges  0x0000000000000998       0x38 Src/stm32f7xx_it.o
 .debug_ranges  0x00000000000009d0       0x18 Src/system_stm32f7xx.o
 .debug_ranges  0x00000000000009e8       0x20 startup/startup_stm32f746xx.o

.debug_line     0x0000000000000000     0x41b2
 .debug_line    0x0000000000000000      0x416 Drivers/STM32F7xx_HAL_Driver/Src/stm32f7xx_hal.o
 .debug_line    0x0000000000000416      0x49a Drivers/STM32F7xx_HAL_Driver/Src/stm32f7xx_hal_cortex.o
 .debug_line    0x00000000000008b0      0x443 Drivers/STM32F7xx_HAL_Driver/Src/stm32f7xx_hal_gpio.o
 .debug_line    0x0000000000000cf3     0x1051 Drivers/STM32F7xx_HAL_Driver/Src/stm32f7xx_hal_ltdc.o
 .debug_line    0x0000000000001d44      0x3a8 Drivers/STM32F7xx_HAL_Driver/Src/stm32f7xx_hal_pwr_ex.o
 .debug_line    0x00000000000020ec      0x620 Drivers/STM32F7xx_HAL_Driver/Src/stm32f7xx_hal_rcc.o
 .debug_line    0x000000000000270c      0x4a3 Drivers/STM32F7xx_HAL_Driver/Src/stm32f7xx_hal_rcc_ex.o
 .debug_line    0x0000000000002baf      0x3ed Drivers/STM32F7xx_HAL_Driver/Src/stm32f7xx_hal_rng.o
 .debug_line    0x0000000000002f9c      0x38a Src/ltdc.o
 .debug_line    0x0000000000003326      0x70d Src/main.o
 .debug_line    0x0000000000003a33      0x2e8 Src/stm32f7xx_hal_msp.o
 .debug_line    0x0000000000003d1b      0x207 Src/stm32f7xx_it.o
 .debug_line    0x0000000000003f22      0x211 Src/system_stm32f7xx.o
 .debug_line    0x0000000000004133       0x7f startup/startup_stm32f746xx.o

.debug_str      0x0000000000000000     0x2c09
 .debug_str     0x0000000000000000      0xc52 Drivers/STM32F7xx_HAL_Driver/Src/stm32f7xx_hal.o
                                        0xcb6 (size before relaxing)
 .debug_str     0x0000000000000c52      0x571 Drivers/STM32F7xx_HAL_Driver/Src/stm32f7xx_hal_cortex.o
                                        0xe85 (size before relaxing)
 .debug_str     0x00000000000011c3      0x1b2 Drivers/STM32F7xx_HAL_Driver/Src/stm32f7xx_hal_gpio.o
                                        0x5e5 (size before relaxing)
 .debug_str     0x0000000000001375      0x777 Drivers/STM32F7xx_HAL_Driver/Src/stm32f7xx_hal_ltdc.o
                                        0xa9a (size before relaxing)
 .debug_str     0x0000000000001aec      0x20e Drivers/STM32F7xx_HAL_Driver/Src/stm32f7xx_hal_pwr_ex.o
                                        0x734 (size before relaxing)
 .debug_str     0x0000000000001cfa      0x300 Drivers/STM32F7xx_HAL_Driver/Src/stm32f7xx_hal_rcc.o
                                        0x7b3 (size before relaxing)
 .debug_str     0x0000000000001ffa      0x3b7 Drivers/STM32F7xx_HAL_Driver/Src/stm32f7xx_hal_rcc_ex.o
                                        0x7dd (size before relaxing)
 .debug_str     0x00000000000023b1      0x21f Drivers/STM32F7xx_HAL_Driver/Src/stm32f7xx_hal_rng.o
                                        0x553 (size before relaxing)
 .debug_str     0x00000000000025d0      0x471 Src/ltdc.o
                                        0xa20 (size before relaxing)
 .debug_str     0x0000000000002a41       0xc2 Src/main.o
                                       0x135b (size before relaxing)
 .debug_str     0x0000000000002b03       0x1b Src/stm32f7xx_hal_msp.o
                                        0x7fe (size before relaxing)
 .debug_str     0x0000000000002b1e       0xa6 Src/stm32f7xx_it.o
                                        0x338 (size before relaxing)
 .debug_str     0x0000000000002bc4       0x45 Src/system_stm32f7xx.o
                                        0x512 (size before relaxing)

.comment        0x0000000000000000       0x7c
 .comment       0x0000000000000000       0x7c Drivers/STM32F7xx_HAL_Driver/Src/stm32f7xx_hal.o
                                         0x7d (size before relaxing)
 .comment       0x000000000000007c       0x7d Drivers/STM32F7xx_HAL_Driver/Src/stm32f7xx_hal_cortex.o
 .comment       0x000000000000007c       0x7d Drivers/STM32F7xx_HAL_Driver/Src/stm32f7xx_hal_gpio.o
 .comment       0x000000000000007c       0x7d Drivers/STM32F7xx_HAL_Driver/Src/stm32f7xx_hal_ltdc.o
 .comment       0x000000000000007c       0x7d Drivers/STM32F7xx_HAL_Driver/Src/stm32f7xx_hal_pwr_ex.o
 .comment       0x000000000000007c       0x7d Drivers/STM32F7xx_HAL_Driver/Src/stm32f7xx_hal_rcc.o
 .comment       0x000000000000007c       0x7d Drivers/STM32F7xx_HAL_Driver/Src/stm32f7xx_hal_rcc_ex.o
 .comment       0x000000000000007c       0x7d Drivers/STM32F7xx_HAL_Driver/Src/stm32f7xx_hal_rng.o
 .comment       0x000000000000007c       0x7d Src/ltdc.o
 .comment       0x000000000000007c       0x7d Src/main.o
 .comment       0x000000000000007c       0x7d Src/stm32f7xx_hal_msp.o
 .comment       0x000000000000007c       0x7d Src/stm32f7xx_it.o
 .comment       0x000000000000007c       0x7d Src/system_stm32f7xx.o

.debug_frame    0x0000000000000000     0x115c
 .debug_frame   0x0000000000000000      0x20c Drivers/STM32F7xx_HAL_Driver/Src/stm32f7xx_hal.o
 .debug_frame   0x000000000000020c      0x198 Drivers/STM32F7xx_HAL_Driver/Src/stm32f7xx_hal_cortex.o
 .debug_frame   0x00000000000003a4       0xd8 Drivers/STM32F7xx_HAL_Driver/Src/stm32f7xx_hal_gpio.o
 .debug_frame   0x000000000000047c      0x4c4 Drivers/STM32F7xx_HAL_Driver/Src/stm32f7xx_hal_ltdc.o
 .debug_frame   0x0000000000000940      0x15c Drivers/STM32F7xx_HAL_Driver/Src/stm32f7xx_hal_pwr_ex.o
 .debug_frame   0x0000000000000a9c      0x178 Drivers/STM32F7xx_HAL_Driver/Src/stm32f7xx_hal_rcc.o
 .debug_frame   0x0000000000000c14       0xd4 Drivers/STM32F7xx_HAL_Driver/Src/stm32f7xx_hal_rcc_ex.o
 .debug_frame   0x0000000000000ce8      0x150 Drivers/STM32F7xx_HAL_Driver/Src/stm32f7xx_hal_rng.o
 .debug_frame   0x0000000000000e38       0x8c Src/ltdc.o
 .debug_frame   0x0000000000000ec4       0x74 Src/main.o
 .debug_frame   0x0000000000000f38       0x98 Src/stm32f7xx_hal_msp.o
 .debug_frame   0x0000000000000fd0       0xa0 Src/stm32f7xx_it.o
 .debug_frame   0x0000000000001070       0x40 Src/system_stm32f7xx.o
 .debug_frame   0x00000000000010b0       0x2c /opt/Atollic_TrueSTUDIO_for_STM32_x86_64_9.3.0/ARMTools/bin/../lib/gcc/arm-atollic-eabi/6.3.1/../../../../arm-atollic-eabi/lib/armv7e-m/fpu/fpv5-sp-d16/libc_nano.a(lib_a-init.o)
 .debug_frame   0x00000000000010dc       0x20 /opt/Atollic_TrueSTUDIO_for_STM32_x86_64_9.3.0/ARMTools/bin/../lib/gcc/arm-atollic-eabi/6.3.1/../../../../arm-atollic-eabi/lib/armv7e-m/fpu/fpv5-sp-d16/libc_nano.a(lib_a-memset.o)
 .debug_frame   0x00000000000010fc       0x2c /opt/Atollic_TrueSTUDIO_for_STM32_x86_64_9.3.0/ARMTools/bin/../lib/gcc/arm-atollic-eabi/6.3.1/armv7e-m/fpu/fpv5-sp-d16/libgcc.a(_aeabi_uldivmod.o)
 .debug_frame   0x0000000000001128       0x34 /opt/Atollic_TrueSTUDIO_for_STM32_x86_64_9.3.0/ARMTools/bin/../lib/gcc/arm-atollic-eabi/6.3.1/armv7e-m/fpu/fpv5-sp-d16/libgcc.a(_udivmoddi4.o)
